definitions:
  CatalogItem:
    type: object
    properties:
      id:
        type: integer
        example: 38
      title:
        type: string
        example: T-shirt
    required:
      - id
      - title
swagger: "2.0"
info:
  title: kcl
  version: v0.0.2
paths: { }
