definitions:
  Pet:
    type: object
    properties:
      names:
        type: array
        items:
          type: string
swagger: "2.0"
info:
  title: kcl
  version: v0.0.2
paths: { }
