definitions:
  Socket:
    type: object
    properties:
      protocol:
        type: string
        enum:
          - TCP
          - UDP
      port:
        type: integer
        format: int64
swagger: "2.0"
info:
  title: kcl
  version: v0.0.2
paths: {}
