definitions:
  Socket:
    type: object
    properties:
      port:
        type: object
        enum:
          - 8443
          - 443
          - "8443"
          - "443"
swagger: "2.0"
info:
  title: kcl
  version: v0.0.2
paths: {}
