definitions:
  extensibleObject:
    type: object
    additionalProperties: { }
swagger: "2.0"
info:
  title: kcl
  version: v0.0.2
paths: { }
