definitions:
  Socket:
    type: object
    properties:
      protocol:
        type: object
swagger: "2.0"
info:
  title: kcl
  version: v0.0.2
paths: {}
