definitions:
  extensibleObject:
    type: object
    properties:
      prop1:
        type: integer
    additionalProperties: true
swagger: "2.0"
info:
  title: kcl
  version: v0.0.2
paths: {}
