apiVersion: apiextensions.k8s.io/v1beta1
kind: CustomResourceDefinition
metadata:
  name: containerizedworkloads.core.oam.dev
spec:
  group: core.oam.dev
  names:
    kind: ContainerizedWorkload
    listKind: ContainerizedWorkloadList
    plural: containerizedworkloads
    singular: containerizedworkload
  scope: Namespaced
  subresources:
    status: { }
  validation:
    openAPIV3Schema:
      description: A ContainerizedWorkload is a workload that runs OCI containers.
      properties:
        apiVersion:
          description: 'APIVersion defines the versioned schema of this representation
            of an object. Servers should convert recognized schemas to the latest
            internal value, and may reject unrecognized values. More info: https://git.k8s.io/community/contributors/devel/sig-architecture/api-conventions.md#resources'
          type: string
        kind:
          description: 'Kind is a string value representing the REST resource this
            object represents. Servers may infer this from the endpoint the client
            submits requests to. Cannot be updated. In CamelCase. More info: https://git.k8s.io/community/contributors/devel/sig-architecture/api-conventions.md#types-kinds'
          type: string
        metadata:
          type: object
        spec:
          description: A ContainerizedWorkloadSpec defines the desired state of a
            ContainerizedWorkload.
          type: object
          properties:
            socket:
              type: object
              properties:
                name:
                  description: Name of the external resource. Resource
                    names are specified in kind.group/version format,
                    e.g. motionsensor.ext.example.com/v1.
                  type: string
                required:
                  anyOf:
                    - type: integer
                    - type: string
                  description: Required extended resource(s), e.g. 8 or
                    "very-cool-widget"
                  x-kubernetes-int-or-string: true
  version: v1alpha2
  versions:
    - name: v1alpha2
      served: true
      storage: true
status:
  acceptedNames:
    kind: ""
    plural: ""
  conditions: []
  storedVersions: []
