definitions:
  Pet:
    type: object
    properties:
      name:
        type: string
      category:
        type: object
        properties:
          name:
            type: string
          level:
            type: integer
swagger: "2.0"
info:
  title: kcl
  version: v0.0.2
paths: { }
