definitions:
  Pet:
    type: object
    properties:
      name:
        type: string
    additionalProperties:
      type: object
      properties:
        name:
          type: string
swagger: "2.0"
info:
  title: kcl
  version: v0.0.2
paths: { }
