definitions:
  Animal:
    type: object
    discriminator: petType
    properties:
      name:
        type: string
    required:
      - name
  Pet:
    type: object
    discriminator: petType
    properties:
      petType:
        type: string
    required:
      - petType
  Dog:
    type: object
    description: A representation of a dog
    allOf:
      - $ref: '#/definitions/Animal'
      - $ref: '#/definitions/Pet'
swagger: "2.0"
info:
  title: kcl
  version: v0.0.2
paths: {}
