definitions:
  Pet:
    type: object
    properties:
      name:
        type: string
      category:
        type: object
        properties:
          name:
            type: string
          owner:
            type: object
            properties:
              name:
                type: string
swagger: "2.0"
info:
  title: kcl
  version: v0.0.2
paths: { }
