definitions:
  Pet:
    type: object
    properties:
      name:
        type: string
      age:
        type: integer
        format: int64
    example:
      name: doge
      age: 12
swagger: "2.0"
info:
  title: kcl
  version: v0.0.2
paths: {}
