definitions:
  Pet:
    type: object
    description: the Pet model
    properties:
      name:
        type: string
        description: the name of the pet. must be a DNS label
        externalDocs:
          description: RFC 1123 name
          url: "https://datatracker.ietf.org/doc/html/rfc1123"
      age:
        type: integer
        format: int64
        description: the age of the pet
    example:
      name: doge
      age: 12
    externalDocs:
      description: Find more info here
      url: "https://swagger.io"
swagger: "2.0"
info:
  title: kcl
  version: v0.0.2
paths: {}
