definitions:
  main.Pet:
    type: object
    properties:
      name:
        type: string
      category:
        $ref: "#/definitions/base.Category"
    x-kcl-type:
      import:
        package: main.pet
        alias: pet
      type: Pet
  base.Category:
    type: object
    properties:
      name:
        type: string
      description:
        type: string
    x-kcl-type:
      import:
        package: base.category
        alias: category
      type: Category
swagger: "2.0"
info:
  title: kcl
  version: v0.0.2
paths: { }
